// Jest Snapshot v1, https://goo.gl/fbAQLP

exports[`MyComponent should render the Clothes 1`] = `
<div>
  <p
    id="test"
  >
    login
  </p>
   : null
</div>
`;
